2019-03-07T12:08:29.765Z [RTM] [32minfo[39m: Skipping network creation. Observe that all external IO operations will yield a runtime error.
42@{}%{}
20@{secret}%{secret}
[31mRuntime error in thread f3b0a20b-e213-4ac8-98e1-6eda8ad5568f@{}%{}[39m
[31m>> value ()@{}%{} is not a string[39m
